 AS V1.42 Beta [Bld 249] - Source File orgel-as.asm - Page 1 - 8/15/2024 12:56:19


    1/       0 :                        ; File Name   :	d:\hobby3\z1013_hb_programme\C.ORGEL(8).z80
    2/       0 :                        ; Format      :	Binary file
    3/       0 :                        ; Base Address:	0000h Range: 02E0h - 0360h Loaded length: 0080h
    4/       0 :                        
    5/       0 :                        		cpu	z80
    6/       0 :                        
    7/     300 :                        		org 300h
    8/     300 :                        
    9/     300 :                        ; Tastatur abfragen
   10/     300 : 06 08                  orgel:		ld	b, 8		; 8 Tastaturspalten
   11/     302 : 11 3B 03               		ld	de, tab2	; Tastaturspalte
   12/     305 : 21 33 03               		ld	hl, tab1	; Tonhoehentabelle
   13/     308 : 1A                     o1:		ld	a, (de)
   14/     309 : D3 08                  		out	(8), a		; Spalte aktivieren
   15/     30B : DB 02                  		in	a, (2)		; Tastatur abfragen
   16/     30D : E6 0F                  		and	0Fh		; Bit0..3
   17/     30F : FE 07                  		cp	7		; 
   18/     311 : 28 0B                  		jr	z, o2		; Taste	in unterer Tastenzeile gedrueckt
   19/     313 : FE 05                  		cp	5		; S4+K
   20/     315 : CA 38 00               		jp	z, 0038h	; dann Ende
   21/     318 : 23                     		inc	hl		; naechste Tonhoehe
   22/     319 : 13                     		inc	de		; naechste Spalte
   23/     31A : 10 EC                  		djnz	o1		; bis alle Spalten durch
   24/     31C : 18 E2                  		jr	orgel		; zureck auf Anfang
   25/     31E :                        
   26/     31E :                        ; Ton ausgeben
   27/     31E : 0E 50                  o2:		ld	c, 50h		; 50=Tonlaenge
   28/     320 : CB FF                  o3:		set	7, a		; Tonsignal an
   29/     322 : D3 02                  		out	(2), a
   30/     324 : 46                     		ld	b, (hl)		; warteschleife
   31/     325 : 10 FE                  o4:		djnz	$
   32/     327 : CB BF                  		res	7, a		; Tonsignal aus
   33/     329 : D3 02                  		out	(2), a
   34/     32B : 46                     		ld	b, (hl)		; Warteschleife
   35/     32C : 10 FE                  o5:		djnz	$
   36/     32E : 0D                     		dec	c		; das ganze Tonlaengen mal
   37/     32F : 20 EF                  		jr	nz, o3
   38/     331 : 18 CD                  		jr	orgel
   39/     333 :                        
   40/     333 :                        
   41/     333 :                        ; Tonhoehentabelle 2 MHz
   42/     333 : 40                     tab1:		db  40h
   43/     334 : 39                     		db  39h
   44/     335 : 33                     		db  33h
   45/     336 : 30                     		db  30h
   46/     337 : 2B                     		db  2Bh
   47/     338 : 26                     		db  26h
   48/     339 : 22                     		db  22h
   49/     33A : 1F                     		db  1Fh
   50/     33B :                        
   51/     33B :                        ; Tastaturspalte
   52/     33B : 00                     tab2:		db    0
   53/     33C : 01                     		db    1
   54/     33D : 02                     		db    2
   55/     33E : 03                     		db    3
   56/     33F : 04                     		db    4
   57/     340 : 05                     		db    5
   58/     341 : 06                     		db    6
   59/     342 : 07                     		db    7
   60/     343 :                        ;ENDE
 AS V1.42 Beta [Bld 249] - Source File orgel-as.asm - Page 2 - 8/15/2024 12:56:19


   61/     343 : 30                     		db  30h
   62/     344 : FA                     		db 0FAh
   63/     345 : 19                     		db  19h
   64/     346 : 22                     		db  22h
   65/     347 : 96                     		db  96h
   66/     348 : 07                     		db    7
   67/     349 : 21                     		db  21h
   68/     34A : F9                     		db 0F9h
   69/     34B : 0B                     		db  0Bh
   70/     34C : 3E                     		db  3Eh
   71/     34D :                        
   72/     34D :                        		end
 AS V1.42 Beta [Bld 249] - Source File orgel-as.asm - Page 3 - 8/15/2024 12:56:19


  Symbol Table (* = unused):
  --------------------------

*ARCHITECTURE :                                        "i386-unknown-win32" - |
*CASESENSITIVE :                  0 - | *CONSTPI :        3.141592653589793 - |
*DATE :                 "8/15/2024" - | *FALSE :                          0 - |
*FULLPMMU :                       1 - | *HAS64 :                          0 - |
*HASFPU :                         0 - | *HASPMMU :                        0 - |
*INSUPMODE :                      0 - | *LISTON :                         1 - |
*MACEXP :                         7 - | *MOMCPU :                        80 - |
*MOMCPUNAME :                 "Z80" - | *NESTMAX :                      100 - |
 O1 :                           308 C |  O2 :                           31E C |
 O3 :                           320 C | *O4 :                           325 C |
*O5 :                           32C C |  ORGEL :                        300 C |
*PADDING :                        1 - | *RELAXED :                        0 - |
 TAB1 :                         333 C |  TAB2 :                         33B C |
*TIME :                  "12:56:19" - | *TRUE :                           1 - |
*VERSION :                     142F - |

     28 symbols
     22 unused symbols

 AS V1.42 Beta [Bld 249] - Source File orgel-as.asm - Page 4 - 8/15/2024 12:56:19


  Code Pages:
  ----------

STANDARD (0 changed characters)

1 code page

0.01 seconds assembly time

     73 lines source file
      2 passes
      0 errors
      0 warnings
